// Jest Snapshot v1, https://goo.gl/fbAQLP

exports[`matches snapshot 1`] = `
<div
  className="result"
  data-testid="result"
>
  <h3>
    Nooo wrong this time. Answer was 
    5
  </h3>
  <button
    data-testid="try-again-button"
    onClick={[Function]}
  >
    Try Again!
  </button>
</div>
`;
